Cập nhật tăng dần 14 ngày gần nhất
Đang quét khoảng 1/2 (2026-07-23 đến 2026-07-30)...
Đang quét khoảng 2/2 (2026-07-16 đến 2026-07-23)...
Cảnh báo từ khóa "trung tâm y tế" khoảng 1/2 thất bại trang đầu: fetch failed
Cảnh báo từ khóa "trung tâm y tế" khoảng 2/2 thất bại trang đầu: fetch failed
Cảnh báo từ khóa "y tế" khoảng 2/2 thất bại trang đầu: fetch failed
Cảnh báo từ khóa "bệnh viện" khoảng 1/2 thất bại trang đầu: fetch failed
Cảnh báo từ khóa "bệnh viện" khoảng 2/2 thất bại trang đầu: fetch failed
Cảnh báo từ khóa "y tế" khoảng 1/2 thất bại trang đầu: fetch failed
Cảnh báo từ khóa "thiết bị" khoảng 1/2 thất bại trang đầu: fetch failed
Cảnh báo từ khóa "dụng cụ" khoảng 2/2 thất bại trang đầu: fetch failed
Cảnh báo từ khóa "thiết bị" khoảng 2/2 thất bại trang đầu: fetch failed
Cảnh báo từ khóa "vật tư" khoảng 1/2 thất bại trang đầu: fetch failed
Cảnh báo từ khóa "vật tư" khoảng 2/2 thất bại trang đầu: fetch failed
Cảnh báo từ khóa "dụng cụ" khoảng 1/2 thất bại trang đầu: fetch failed
Cảnh báo từ khóa "hóa chất" khoảng 2/2 thất bại trang đầu: fetch failed
Cảnh báo từ khóa "sinh phẩm" khoảng 2/2 thất bại trang đầu: fetch failed
Cảnh báo từ khóa "sinh phẩm" khoảng 1/2 thất bại trang đầu: fetch failed
Cảnh báo từ khóa "hóa chất" khoảng 1/2 thất bại trang đầu: fetch failed
Cảnh báo từ khóa "xét nghiệm" khoảng 2/2 thất bại trang đầu: fetch failed
Cảnh báo từ khóa "xét nghiệm" khoảng 1/2 thất bại trang đầu: fetch failed
